=== CANDLES all-symbols start Sat Oct  3 09:24:21 PM CEST 2026
Error resolving BAIDF: Failed to search contract for BAIDF: dictionary update sequence element #0 has length 1; 2 is required
Error resolving MOG-B: Failed to search contract for MOG-B: dictionary update sequence element #0 has length 1; 2 is required
Error resolving NCSYF: Failed to search contract for NCSYF: dictionary update sequence element #0 has length 1; 2 is required
Error resolving TKPHF: Failed to search contract for TKPHF: dictionary update sequence element #0 has length 1; 2 is required
Error resolving XRXDW: Failed to search contract for XRXDW: dictionary update sequence element #0 has length 1; 2 is required
Unexpected response for BBAAY: status=500, body='{"error":"Chart data unavailable"}'
[candles] Attempt 1/4 failed: Unexpected response: status=500
Unexpected response for BBAAY: status=500, body='{"error":"Chart data unavailable"}'
[candles] Attempt 2/4 failed: Unexpected response: status=500
Unexpected response for BBAAY: status=500, body='{"error":"Chart data unavailable"}'
[candles] Attempt 3/4 failed: Unexpected response: status=500
Unexpected response for BBAAY: status=500, body='{"error":"Chart data unavailable"}'
[candles] Attempt 4/4 failed: Unexpected response: status=500
[candles] All retries exhausted, raising: Unexpected response: status=500
Failed to fetch candles for conid 706162029: Unexpected response: status=500
EVGN still has 1 gap(s) after fetch: [(datetime.datetime(2020, 1, 24, 0, 0), datetime.datetime(2020, 1, 25, 0, 0))]
Unexpected response for GOOGN: status=500, body='{"error":"Chart data unavailable"}'
[candles] Attempt 1/4 failed: Unexpected response: status=500
Unexpected response for GOOGN: status=500, body='{"error":"Chart data unavailable"}'
[candles] Attempt 2/4 failed: Unexpected response: status=500
Unexpected response for GOOGN: status=500, body='{"error":"Chart data unavailable"}'
[candles] Attempt 3/4 failed: Unexpected response: status=500
Unexpected response for GOOGN: status=500, body='{"error":"Chart data unavailable"}'
[candles] Attempt 4/4 failed: Unexpected response: status=500
[candles] All retries exhausted, raising: Unexpected response: status=500
Failed to fetch candles for conid 890085533: Unexpected response: status=500
MMM: rate-limited (503), throttling to 2.0s delay and retrying window 2026-03-11 14:00:00
MMM: rate-limited (503), throttling to 2.0s delay and retrying window 2023-11-21 15:00:00
MMM: rate-limited (503), throttling to 2.0s delay and retrying window 2023-04-27 18:00:00
MMM: rate-limited (503), throttling to 2.0s delay and retrying window 2021-01-15 20:00:00
MMM: rate-limited (503), throttling to 2.0s delay and retrying window 2020-06-23 13:30:00
MTLS: rate-limited (503), throttling to 2.0s delay and retrying window 2024-06-18 17:00:00
MTLS: rate-limited (503), throttling to 4.0s delay and retrying window 2024-06-18 17:00:00
MTLS: rate-limited (503), throttling to 2.0s delay and retrying window 2021-08-11 19:00:00
NIU: rate-limited (503), throttling to 2.0s delay and retrying window 2025-08-13 15:00:00
NIU: rate-limited (503), throttling to 4.0s delay and retrying window 2025-08-13 15:00:00
NIU: rate-limited (503), throttling to 2.0s delay and retrying window 2022-09-30 15:00:00
NNDM: rate-limited (503), throttling to 2.0s delay and retrying window 2026-10-03 21:31:34.438496
NNDM: rate-limited (503), throttling to 2.0s delay and retrying window 2026-03-11 14:00:00
NNDM: rate-limited (503), throttling to 2.0s delay and retrying window 2023-11-21 15:00:00
NNDM: rate-limited (503), throttling to 2.0s delay and retrying window 2023-04-27 18:00:00
NNDM: rate-limited (503), throttling to 2.0s delay and retrying window 2021-01-15 20:00:00
NNDM: rate-limited (503), throttling to 2.0s delay and retrying window 2020-06-23 13:30:00
PD: rate-limited (503), throttling to 2.0s delay and retrying window 2025-01-15 20:00:00
PD: rate-limited (503), throttling to 4.0s delay and retrying window 2025-01-15 20:00:00
PD: rate-limited (503), throttling to 2.0s delay and retrying window 2022-03-08 16:00:00
PERI: rate-limited (503), throttling to 2.0s delay and retrying window 2026-03-11 14:00:00
PERI: rate-limited (503), throttling to 2.0s delay and retrying window 2025-08-13 15:00:00
PERI: rate-limited (503), throttling to 2.0s delay and retrying window 2023-04-27 18:00:00
PERI: rate-limited (503), throttling to 2.0s delay and retrying window 2022-09-30 15:00:00
PHR: rate-limited (503), throttling to 2.0s delay and retrying window 2026-10-03 21:38:39.550369
PHR: rate-limited (503), throttling to 4.0s delay and retrying window 2026-10-03 21:38:39.550369
PHR: rate-limited (503), throttling to 2.0s delay and retrying window 2023-11-21 15:00:00
PHR: rate-limited (503), throttling to 2.0s delay and retrying window 2021-01-15 20:00:00
PHR: rate-limited (503), throttling to 4.0s delay and retrying window 2021-01-15 20:00:00
PRLB: rate-limited (503), throttling to 2.0s delay and retrying window 2025-01-15 20:00:00
PRLB: rate-limited (503), throttling to 2.0s delay and retrying window 2022-03-08 16:00:00
PRLB: rate-limited (503), throttling to 4.0s delay and retrying window 2022-03-08 16:00:00
PSNL: rate-limited (503), throttling to 2.0s delay and retrying window 2025-08-13 15:00:00
PSNL: rate-limited (503), throttling to 2.0s delay and retrying window 2023-04-27 18:00:00
PSNL: rate-limited (503), throttling to 2.0s delay and retrying window 2022-09-30 15:00:00
PTC: rate-limited (503), throttling to 2.0s delay and retrying window 2026-10-03 21:45:39.496251
PTC: rate-limited (503), throttling to 4.0s delay and retrying window 2026-10-03 21:45:39.496251
PTC: rate-limited (503), throttling to 2.0s delay and retrying window 2023-11-21 15:00:00
PTC: rate-limited (503), throttling to 2.0s delay and retrying window 2021-01-15 20:00:00
PTC: rate-limited (503), throttling to 4.0s delay and retrying window 2021-01-15 20:00:00
PYPD: rate-limited (503), throttling to 2.0s delay and retrying window 2025-01-07 17:00:00
PYPD: rate-limited (503), throttling to 2.0s delay and retrying window 2022-06-08 15:00:00
PYPD: rate-limited (503), throttling to 2.0s delay and retrying window 2021-11-09 16:00:00
Unexpected response for PYPD: status=500, body='{"error":"Chart data unavailable"}'
[candles] Attempt 1/4 failed: Unexpected response: status=500
Unexpected response for PYPD: status=500, body='{"error":"Chart data unavailable"}'
[candles] Attempt 2/4 failed: Unexpected response: status=500
Unexpected response for PYPD: status=500, body='{"error":"Chart data unavailable"}'
[candles] Attempt 3/4 failed: Unexpected response: status=500
Unexpected response for PYPD: status=500, body='{"error":"Chart data unavailable"}'
[candles] Attempt 4/4 failed: Unexpected response: status=500
[candles] All retries exhausted, raising: Unexpected response: status=500
Failed to fetch candles for conid 655624704: Unexpected response: status=500
RDHL: rate-limited (503), throttling to 2.0s delay and retrying window 2026-10-03 21:50:35.609230
RDHL: rate-limited (503), throttling to 4.0s delay and retrying window 2026-10-03 21:50:35.609230
RDHL: rate-limited (503), throttling to 2.0s delay and retrying window 2024-06-14 19:00:00
RDHL: rate-limited (503), throttling to 2.0s delay and retrying window 2023-11-17 17:00:00
RDHL: rate-limited (503), throttling to 2.0s delay and retrying window 2022-03-04 19:00:00
RDHL: rate-limited (503), throttling to 4.0s delay and retrying window 2022-03-04 19:00:00
RDWR: rate-limited (503), throttling to 2.0s delay and retrying window 2026-10-03 21:53:33.524524
RDWR: rate-limited (503), throttling to 4.0s delay and retrying window 2026-10-03 21:53:33.524524
RDWR: rate-limited (503), throttling to 2.0s delay and retrying window 2023-11-21 15:00:00
RDWR: rate-limited (503), throttling to 4.0s delay and retrying window 2023-11-21 15:00:00
RDWR: rate-limited (503), throttling to 2.0s delay and retrying window 2021-01-15 20:00:00
ROK: rate-limited (503), throttling to 2.0s delay and retrying window 2025-01-15 20:00:00
ROK: rate-limited (503), throttling to 2.0s delay and retrying window 2024-06-18 17:00:00
ROK: rate-limited (503), throttling to 2.0s delay and retrying window 2022-03-08 16:00:00
ROK: rate-limited (503), throttling to 2.0s delay and retrying window 2021-08-11 19:00:00
SILC: rate-limited (503), throttling to 2.0s delay and retrying window 2026-03-10 19:00:00
SILC: rate-limited (503), throttling to 4.0s delay and retrying window 2026-03-10 19:00:00
SILC: rate-limited (503), throttling to 2.0s delay and retrying window 2023-03-08 14:30:00
SILC: rate-limited (503), throttling to 4.0s delay and retrying window 2023-03-08 14:30:00
SNOW: rate-limited (503), throttling to 2.0s delay and retrying window 2023-11-14 17:00:00
SNOW still has 1 gap(s) after fetch: [(datetime.datetime(2020, 1, 1, 0, 0), datetime.datetime(2020, 9, 16, 16, 0))]
SPCE: rate-limited (503), throttling to 2.0s delay and retrying window 2026-10-03 22:01:51.295378
SPCE: rate-limited (503), throttling to 2.0s delay and retrying window 2024-06-18 17:00:00
SPCE: rate-limited (503), throttling to 4.0s delay and retrying window 2024-06-18 17:00:00
SPCE: rate-limited (503), throttling to 2.0s delay and retrying window 2022-03-08 16:00:00
SPCE: rate-limited (503), throttling to 2.0s delay and retrying window 2021-08-11 19:00:00
SSYS: rate-limited (503), throttling to 2.0s delay and retrying window 2026-10-03 22:04:23.880235
SSYS: rate-limited (503), throttling to 2.0s delay and retrying window 2026-03-11 14:00:00
SSYS: rate-limited (503), throttling to 4.0s delay and retrying window 2026-03-11 14:00:00
SSYS: rate-limited (503), throttling to 2.0s delay and retrying window 2023-04-27 18:00:00
SSYS: rate-limited (503), throttling to 2.0s delay and retrying window 2020-06-23 13:30:00
SYK: rate-limited (503), throttling to 2.0s delay and retrying window 2026-10-03 22:06:53.338036
SYK: rate-limited (503), throttling to 2.0s delay and retrying window 2024-06-18 17:00:00
SYK: rate-limited (503), throttling to 2.0s delay and retrying window 2023-11-21 15:00:00
SYK: rate-limited (503), throttling to 2.0s delay and retrying window 2021-08-11 19:00:00
SYK: rate-limited (503), throttling to 2.0s delay and retrying window 2021-01-15 20:00:00
TDOC: rate-limited (503), throttling to 2.0s delay and retrying window 2025-01-15 20:00:00
TDOC: rate-limited (503), throttling to 4.0s delay and retrying window 2025-01-15 20:00:00
TDOC: rate-limited (503), throttling to 2.0s delay and retrying window 2022-03-08 16:00:00
TEAM: rate-limited (503), throttling to 2.0s delay and retrying window 2026-03-11 14:00:00
TEAM: rate-limited (503), throttling to 4.0s delay and retrying window 2026-03-11 14:00:00
TEAM: rate-limited (503), throttling to 2.0s delay and retrying window 2023-04-27 18:00:00
TEAM: rate-limited (503), throttling to 2.0s delay and retrying window 2021-01-15 20:00:00
TEAM: rate-limited (503), throttling to 2.0s delay and retrying window 2020-06-23 13:30:00
Unexpected response for TEVA: status=500, body='{"error":"Chart data unavailable"}'
[candles] Attempt 1/4 failed: Unexpected response: status=500
Unexpected response for TEVA: status=500, body='{"error":"Chart data unavailable"}'
[candles] Attempt 2/4 failed: Unexpected response: status=500
Unexpected response for TEVA: status=500, body='{"error":"Chart data unavailable"}'
[candles] Attempt 3/4 failed: Unexpected response: status=500
Unexpected response for TEVA: status=500, body='{"error":"Chart data unavailable"}'
[candles] Attempt 4/4 failed: Unexpected response: status=500
[candles] All retries exhausted, raising: Unexpected response: status=500
Failed to fetch candles for conid 922990633: Unexpected response: status=500
TREE: rate-limited (503), throttling to 2.0s delay and retrying window 2025-08-13 15:00:00
TREE: rate-limited (503), throttling to 4.0s delay and retrying window 2025-08-13 15:00:00
TREE: rate-limited (503), throttling to 2.0s delay and retrying window 2022-09-30 15:00:00
TRMB: rate-limited (503), throttling to 2.0s delay and retrying window 2026-10-03 22:16:35.331645
TRMB: rate-limited (503), throttling to 2.0s delay and retrying window 2026-03-11 14:00:00
TRMB: rate-limited (503), throttling to 2.0s delay and retrying window 2023-11-21 15:00:00
TRMB: rate-limited (503), throttling to 2.0s delay and retrying window 2023-04-27 18:00:00
TRMB: rate-limited (503), throttling to 2.0s delay and retrying window 2021-01-15 20:00:00
TRMB: rate-limited (503), throttling to 2.0s delay and retrying window 2020-06-23 13:30:00
TRU: rate-limited (503), throttling to 2.0s delay and retrying window 2024-06-18 17:00:00
TRU: rate-limited (503), throttling to 4.0s delay and retrying window 2024-06-18 17:00:00
TRU: rate-limited (503), throttling to 2.0s delay and retrying window 2021-08-11 19:00:00
TSEM: rate-limited (503), throttling to 2.0s delay and retrying window 2025-08-13 15:00:00
TSEM: rate-limited (503), throttling to 4.0s delay and retrying window 2025-08-13 15:00:00
TSEM: rate-limited (503), throttling to 2.0s delay and retrying window 2022-09-30 15:00:00
TTD: rate-limited (503), throttling to 2.0s delay and retrying window 2026-10-03 22:23:33.494341
TTD: rate-limited (503), throttling to 2.0s delay and retrying window 2026-03-11 14:00:00
TTD: rate-limited (503), throttling to 2.0s delay and retrying window 2023-11-21 15:00:00
TTD: rate-limited (503), throttling to 2.0s delay and retrying window 2023-04-27 18:00:00
TTD: rate-limited (503), throttling to 2.0s delay and retrying window 2021-01-15 20:00:00
TTD: rate-limited (503), throttling to 2.0s delay and retrying window 2020-06-23 13:30:00
TWLO: rate-limited (503), throttling to 2.0s delay and retrying window 2024-06-18 17:00:00
TWLO: rate-limited (503), throttling to 4.0s delay and retrying window 2024-06-18 17:00:00
TWLO: rate-limited (503), throttling to 2.0s delay and retrying window 2021-08-11 19:00:00
TWST: rate-limited (503), throttling to 2.0s delay and retrying window 2025-08-13 15:00:00
TWST: rate-limited (503), throttling to 4.0s delay and retrying window 2025-08-13 15:00:00
TWST: rate-limited (503), throttling to 2.0s delay and retrying window 2022-09-30 15:00:00
TXG: rate-limited (503), throttling to 2.0s delay and retrying window 2026-10-03 22:30:33.538158
TXG: rate-limited (503), throttling to 2.0s delay and retrying window 2026-03-11 14:00:00
TXG: rate-limited (503), throttling to 2.0s delay and retrying window 2023-11-21 15:00:00
TXG: rate-limited (503), throttling to 2.0s delay and retrying window 2023-04-27 18:00:00
TXG: rate-limited (503), throttling to 2.0s delay and retrying window 2021-01-15 20:00:00
TXG: rate-limited (503), throttling to 2.0s delay and retrying window 2020-06-23 13:30:00
U: rate-limited (503), throttling to 2.0s delay and retrying window 2024-06-18 17:00:00
U: rate-limited (503), throttling to 4.0s delay and retrying window 2024-06-18 17:00:00
U: rate-limited (503), throttling to 2.0s delay and retrying window 2021-01-15 20:00:00
U still has 1 gap(s) after fetch: [(datetime.datetime(2020, 1, 1, 0, 0), datetime.datetime(2020, 9, 18, 15, 0))]
UCTT: rate-limited (503), throttling to 2.0s delay and retrying window 2024-06-18 17:00:00
UCTT: rate-limited (503), throttling to 4.0s delay and retrying window 2024-06-18 17:00:00
UCTT: rate-limited (503), throttling to 2.0s delay and retrying window 2021-08-11 19:00:00
UPS: rate-limited (503), throttling to 2.0s delay and retrying window 2025-08-13 15:00:00
UPS: rate-limited (503), throttling to 4.0s delay and retrying window 2025-08-13 15:00:00
UPS: rate-limited (503), throttling to 2.0s delay and retrying window 2022-09-30 15:00:00
URGN: rate-limited (503), throttling to 2.0s delay and retrying window 2026-10-03 22:39:33.755589
URGN: rate-limited (503), throttling to 2.0s delay and retrying window 2026-03-11 14:00:00
URGN: rate-limited (503), throttling to 2.0s delay and retrying window 2023-11-21 15:00:00
URGN: rate-limited (503), throttling to 2.0s delay and retrying window 2023-04-27 18:00:00
URGN: rate-limited (503), throttling to 2.0s delay and retrying window 2021-01-15 15:00:00
URGN: rate-limited (503), throttling to 2.0s delay and retrying window 2020-06-22 15:00:00
VCYT: rate-limited (503), throttling to 2.0s delay and retrying window 2024-06-18 17:00:00
VCYT: rate-limited (503), throttling to 4.0s delay and retrying window 2024-06-18 17:00:00
VCYT: rate-limited (503), throttling to 2.0s delay and retrying window 2021-08-11 19:00:00
VRSK: rate-limited (503), throttling to 2.0s delay and retrying window 2025-08-13 15:00:00
VRSK: rate-limited (503), throttling to 2.0s delay and retrying window 2025-01-15 20:00:00
VRSK: rate-limited (503), throttling to 2.0s delay and retrying window 2022-09-30 15:00:00
VRSK: rate-limited (503), throttling to 2.0s delay and retrying window 2022-03-08 16:00:00
WIX: rate-limited (503), throttling to 2.0s delay and retrying window 2026-10-03 22:46:31.591639
WIX: rate-limited (503), throttling to 2.0s delay and retrying window 2026-03-11 14:00:00
WIX: rate-limited (503), throttling to 2.0s delay and retrying window 2023-11-21 15:00:00
WIX: rate-limited (503), throttling to 2.0s delay and retrying window 2023-04-27 18:00:00
WIX: rate-limited (503), throttling to 2.0s delay and retrying window 2021-01-15 20:00:00
WIX: rate-limited (503), throttling to 2.0s delay and retrying window 2020-06-23 13:30:00
WKHS: rate-limited (503), throttling to 2.0s delay and retrying window 2025-01-15 20:00:00
WKHS: rate-limited (503), throttling to 4.0s delay and retrying window 2025-01-15 20:00:00
WKHS: rate-limited (503), throttling to 2.0s delay and retrying window 2023-04-27 18:00:00
WKHS: rate-limited (503), throttling to 4.0s delay and retrying window 2023-04-27 18:00:00
WKHS: rate-limited (503), throttling to 2.0s delay and retrying window 2021-08-11 19:00:00
WKHS: rate-limited (503), throttling to 4.0s delay and retrying window 2021-08-11 19:00:00
WKHS: rate-limited (503), throttling to 4.0s delay and retrying window 2021-01-15 20:00:00
Z: rate-limited (503), throttling to 2.0s delay and retrying window 2026-03-11 14:00:00
Z: rate-limited (503), throttling to 2.0s delay and retrying window 2025-08-13 15:00:00
Z: rate-limited (503), throttling to 2.0s delay and retrying window 2023-04-27 18:00:00
Z: rate-limited (503), throttling to 2.0s delay and retrying window 2022-09-30 15:00:00
Error resolving BAIDF: Failed to search contract for BAIDF: dictionary update sequence element #0 has length 1; 2 is required
Error resolving MOG-B: Failed to search contract for MOG-B: dictionary update sequence element #0 has length 1; 2 is required
Error resolving NCSYF: Failed to search contract for NCSYF: dictionary update sequence element #0 has length 1; 2 is required
Error resolving TKPHF: Failed to search contract for TKPHF: dictionary update sequence element #0 has length 1; 2 is required
Error resolving XRXDW: Failed to search contract for XRXDW: dictionary update sequence element #0 has length 1; 2 is required
resolved 116, 31 fetch gaps across all symbols

AAPL (conid 265598):
  fetch: up to date
  gap >48h: none

ADBE (conid 265768):
  fetch: up to date
  gap >48h: none

ADPT (conid 372849716):
  fetch: up to date
  gap >48h: none

ADSK (conid 265681):
  fetch: up to date
  gap >48h: none

ALGN (conid 11459264):
  fetch: up to date
  gap >48h: none

ALLT (conid 41641102):
  fetch: up to date
  gap >48h: none

AME (conid 4392):
  fetch: up to date
  gap >48h: none

AMZN (conid 3691937):
  fetch: up to date
  gap >48h: none

AQB (conid 659764500):
  fetch: up to date
  gap >48h: none

ARCT (conid 370889432):
  fetch: up to date
  gap >48h: none

AUDC (conid 6324655):
  fetch: up to date
  gap >48h: none

AVAV (conid 42464367):
  fetch: up to date
  gap >48h: none

BBAAY (conid 706162029):
  fetch: 2020-01-01 00:00 → 2026-10-03 22:54
  gap >48h: no existing data to check

BYDDF (conid 244149634):
  fetch: up to date
  gap >48h: none

CAT (conid 5437):
  fetch: up to date
  gap >48h: none

CDNA (conid 160758513):
  fetch: up to date
  gap >48h: none

CDXS (conid 74619520):
  fetch: up to date
  gap >48h: none

CERS (conid 4727893):
  fetch: up to date
  gap >48h: none

CGEN (conid 267530):
  fetch: up to date
  gap >48h: none

CRM (conid 29624264):
  fetch: up to date
  gap >48h: none

CRNT (conid 9969533):
  fetch: up to date
  gap >48h: none

CRS (conid 6077):
  fetch: up to date
  gap >48h: none

CRSP (conid 252260612):
  fetch: up to date
  gap >48h: none

CRWD (conid 370757467):
  fetch: up to date
  gap >48h: none

CSTL (conid 375789572):
  fetch: up to date
  gap >48h: none

DD (conid 887235923):
  fetch: up to date
  gap >48h: none

DDD (conid 6542334):
  fetch: up to date
  gap >48h: none

DOCU (conid 316073742):
  fetch: up to date
  gap >48h: none

EDIT (conid 221232456):
  fetch: up to date
  gap >48h: none

EMN (conid 6832):
  fetch: up to date
  gap >48h: none

ESLT (conid 6478305):
  fetch: up to date
  gap >48h: none

EVGN (conid 718208933):
  fetch: 2020-01-24 00:00 → 2020-01-25 00:00
  gap >48h: 2020-01-23 20:00 → 2020-01-27 14:30

FATE (conid 134609575):
  fetch: up to date
  gap >48h: none

FVRR (conid 370695082):
  fetch: up to date
  gap >48h: none

GE (conid 498843743):
  fetch: up to date
  gap >48h: none

GH (conid 335906876):
  fetch: up to date
  gap >48h: none

GILT (conid 269756):
  fetch: up to date
  gap >48h: none

GOOGN (conid 890085533):
  fetch: 2020-01-01 00:00 → 2026-06-08 13:30
  gap >48h: none

GWRE (conid 100825898):
  fetch: up to date
  gap >48h: none

HDB (conid 12796138):
  fetch: up to date
  gap >48h: none

HPQ (conid 209411801):
  fetch: up to date
  gap >48h: none

HUBS (conid 169544810):
  fetch: up to date
  gap >48h: none

HUYA (conid 316805134):
  fetch: up to date
  gap >48h: none

IBKR (conid 43645865):
  fetch: up to date
  gap >48h: none

ICE (conid 136370275):
  fetch: up to date
  gap >48h: none

ILMN (conid 9869443):
  fetch: up to date
  gap >48h: none

INCY (conid 4369855):
  fetch: up to date
  gap >48h: none

INMD (conid 378066054):
  fetch: up to date
  gap >48h: none

INTU (conid 270662):
  fetch: up to date
  gap >48h: none

IONS (conid 216201303):
  fetch: up to date
  gap >48h: none

IOVA (conid 280801120):
  fetch: up to date
  gap >48h: none

IRDM (conid 69195736):
  fetch: up to date
  gap >48h: none

ISRG (conid 9063285):
  fetch: up to date
  gap >48h: none

JD (conid 152486141):
  fetch: up to date
  gap >48h: none

KALU (conid 39204349):
  fetch: up to date
  gap >48h: none

KMDA (conid 128636953):
  fetch: up to date
  gap >48h: none

LECO (conid 4814179):
  fetch: up to date
  gap >48h: none

MCRB (conid 778473107):
  fetch: up to date
  gap >48h: none

MDT (conid 181387075):
  fetch: up to date
  gap >48h: none

MELI (conid 45602025):
  fetch: up to date
  gap >48h: none

MMM (conid 9720):
  fetch: up to date
  gap >48h: none

MSFT (conid 272093):
  fetch: up to date
  gap >48h: none

MTLS (conid 158060524):
  fetch: up to date
  gap >48h: none

NFLX (conid 15124833):
  fetch: up to date
  gap >48h: none

NIU (conid 337304717):
  fetch: up to date
  gap >48h: none

NNDM (conid 388550694):
  fetch: up to date
  gap >48h: none

NTLA (conid 232646339):
  fetch: up to date
  gap >48h: none

NVDA (conid 4815747):
  fetch: up to date
  gap >48h: none

OKTA (conid 272356196):
  fetch: up to date
  gap >48h: none

PD (conid 360310574):
  fetch: up to date
  gap >48h: none

PERI (conid 331358706):
  fetch: up to date
  gap >48h: none

PHR (conid 374688629):
  fetch: up to date
  gap >48h: none

PINS (conid 360975915):
  fetch: up to date
  gap >48h: none

PRLB (conid 103111184):
  fetch: up to date
  gap >48h: none

PSNL (conid 371604322):
  fetch: up to date
  gap >48h: none

PTC (conid 121507047):
  fetch: up to date
  gap >48h: none

PYPD (conid 655624704):
  fetch: 2020-01-01 00:00 → 2020-06-26 14:00
  fetch: 2023-09-20 00:00 → 2023-09-21 00:00
  fetch: 2023-10-02 00:00 → 2023-10-03 00:00
  fetch: 2023-10-30 00:00 → 2023-10-31 00:00
  fetch: 2023-11-01 00:00 → 2023-11-02 00:00
  fetch: 2023-11-17 00:00 → 2023-11-18 00:00
  fetch: 2023-12-05 00:00 → 2023-12-06 00:00
  fetch: 2024-01-18 00:00 → 2024-01-19 00:00
  fetch: 2024-02-09 00:00 → 2024-02-10 00:00
  fetch: 2024-03-12 00:00 → 2024-03-13 00:00
  fetch: 2024-03-15 00:00 → 2024-03-16 00:00
  fetch: 2024-03-25 00:00 → 2024-03-26 00:00
  fetch: 2024-04-30 00:00 → 2024-05-01 00:00
  fetch: 2024-05-13 00:00 → 2024-05-14 00:00
  fetch: 2024-05-23 00:00 → 2024-05-25 00:00
  fetch: 2024-05-29 00:00 → 2024-05-30 00:00
  fetch: 2024-05-31 00:00 → 2024-06-01 00:00
  fetch: 2024-06-06 00:00 → 2024-06-07 00:00
  fetch: 2024-06-11 00:00 → 2024-06-13 00:00
  fetch: 2024-07-09 00:00 → 2024-07-10 00:00
  fetch: 2024-08-07 00:00 → 2024-08-08 00:00
  fetch: 2024-08-30 00:00 → 2024-08-31 00:00
  fetch: 2024-09-03 00:00 → 2024-09-04 00:00
  fetch: 2024-09-06 00:00 → 2024-09-07 00:00
  fetch: 2024-10-10 00:00 → 2024-10-11 00:00
  gap >48h: 2023-09-29 19:00 → 2023-10-03 14:00
  gap >48h: 2023-10-27 19:00 → 2023-10-31 15:00
  gap >48h: 2023-11-16 20:00 → 2023-11-20 14:30
  gap >48h: 2024-02-08 20:00 → 2024-02-12 14:30
  gap >48h: 2024-03-14 19:00 → 2024-03-18 16:00
  gap >48h: 2024-03-22 19:00 → 2024-03-26 14:00
  gap >48h: 2024-05-10 19:00 → 2024-05-14 18:00
  gap >48h: 2024-05-22 19:00 → 2024-05-28 13:30
  gap >48h: 2024-05-30 19:00 → 2024-06-03 14:00
  gap >48h: 2024-06-10 19:00 → 2024-06-13 14:00
  gap >48h: 2024-08-29 19:00 → 2024-09-04 13:30
  gap >48h: 2024-09-05 19:00 → 2024-09-09 16:00

PYPL (conid 199169591):
  fetch: up to date
  gap >48h: none

RDHL (conid 723652239):
  fetch: up to date
  gap >48h: none

RDWR (conid 6196995):
  fetch: up to date
  gap >48h: none

ROK (conid 11697):
  fetch: up to date
  gap >48h: none

ROKU (conid 290651477):
  fetch: up to date
  gap >48h: none

SE (conid 292735472):
  fetch: up to date
  gap >48h: none

SHOP (conid 195014116):
  fetch: up to date
  gap >48h: none

SILC (conid 4818091):
  fetch: up to date
  gap >48h: none

SNAP (conid 268060148):
  fetch: up to date
  gap >48h: none

SNOW (conid 444884769):
  fetch: 2020-01-01 00:00 → 2020-09-16 16:00
  gap >48h: none

SNPS (conid 274499):
  fetch: up to date
  gap >48h: none

SPCE (conid 709229198):
  fetch: up to date
  gap >48h: none

SSYS (conid 118074725):
  fetch: up to date
  gap >48h: none

SYK (conid 4430948):
  fetch: up to date
  gap >48h: none

TDOC (conid 198563873):
  fetch: up to date
  gap >48h: none

TEAM (conid 589316251):
  fetch: up to date
  gap >48h: none

TER (conid 12729):
  fetch: up to date
  gap >48h: none

TEVA (conid 922990633):
  fetch: 2020-01-01 00:00 → 2026-09-14 13:30
  gap >48h: none

TMO (conid 12869):
  fetch: up to date
  gap >48h: none

TREE (conid 179340941):
  fetch: up to date
  gap >48h: none

TRMB (conid 275294):
  fetch: up to date
  gap >48h: none

TRU (conid 198051403):
  fetch: up to date
  gap >48h: none

TSEM (conid 111792216):
  fetch: up to date
  gap >48h: none

TSLA (conid 76792991):
  fetch: up to date
  gap >48h: none

TTD (conid 248755440):
  fetch: up to date
  gap >48h: none

TWLO (conid 237794430):
  fetch: up to date
  gap >48h: none

TWST (conid 339974449):
  fetch: up to date
  gap >48h: none

TXG (conid 382846993):
  fetch: up to date
  gap >48h: none

U (conid 445423543):
  fetch: 2020-01-01 00:00 → 2020-09-18 15:00
  gap >48h: none

UCTT (conid 28476367):
  fetch: up to date
  gap >48h: none

UPS (conid 6231002):
  fetch: up to date
  gap >48h: none

URGN (conid 274950744):
  fetch: up to date
  gap >48h: none

VCYT (conid 137537411):
  fetch: up to date
  gap >48h: none

VRSK (conid 69293559):
  fetch: up to date
  gap >48h: none

WDAY (conid 115324104):
  fetch: up to date
  gap >48h: none

WIX (conid 137867351):
  fetch: up to date
  gap >48h: none

WKHS (conid 836765044):
  fetch: up to date
  gap >48h: none

Z (conid 201942684):
  fetch: up to date
  gap >48h: none

ZS (conid 310621426):
  fetch: up to date
  gap >48h: none

=== CANDLES exit 0
=== FUNDAMENTALS start Sat Oct  3 10:55:39 PM CEST 2026
bash: line 1: .venv/bin/ibkr: cannot execute: required file not found
=== FUNDAMENTALS exit 127 Sat Oct  3 10:55:39 PM CEST 2026
