=== CANDLES (51 retry) start Sat Oct  3 09:12:07 PM CEST 2026
Error resolving BAIDF: Failed to search contract for BAIDF: dictionary update sequence element #0 has length 1; 2 is required
Error resolving MOG-B: Failed to search contract for MOG-B: dictionary update sequence element #0 has length 1; 2 is required
Error resolving NCSYF: Failed to search contract for NCSYF: dictionary update sequence element #0 has length 1; 2 is required
Error resolving TKPHF: Failed to search contract for TKPHF: dictionary update sequence element #0 has length 1; 2 is required
Error resolving XRXDW: Failed to search contract for XRXDW: dictionary update sequence element #0 has length 1; 2 is required
Unexpected response for BBAAY: status=500, body='{"error":"Chart data unavailable"}'
[candles] Attempt 1/4 failed: Unexpected response: status=500
Unexpected response for BBAAY: status=500, body='{"error":"Chart data unavailable"}'
[candles] Attempt 2/4 failed: Unexpected response: status=500
Unexpected response for BBAAY: status=500, body='{"error":"Chart data unavailable"}'
[candles] Attempt 3/4 failed: Unexpected response: status=500
Unexpected response for BBAAY: status=500, body='{"error":"Chart data unavailable"}'
[candles] Attempt 4/4 failed: Unexpected response: status=500
[candles] All retries exhausted, raising: Unexpected response: status=500
Failed to fetch candles for conid 706162029: Unexpected response: status=500
Unexpected response for GOOGN: status=500, body='{"error":"Chart data unavailable"}'
[candles] Attempt 1/4 failed: Unexpected response: status=500
Unexpected response for GOOGN: status=500, body='{"error":"Chart data unavailable"}'
[candles] Attempt 2/4 failed: Unexpected response: status=500
Unexpected response for GOOGN: status=500, body='{"error":"Chart data unavailable"}'
[candles] Attempt 3/4 failed: Unexpected response: status=500
Unexpected response for GOOGN: status=500, body='{"error":"Chart data unavailable"}'
[candles] Attempt 4/4 failed: Unexpected response: status=500
[candles] All retries exhausted, raising: Unexpected response: status=500
Failed to fetch candles for conid 890085533: Unexpected response: status=500
KALU: rate-limited (503), throttling to 2.0s delay and retrying window 2022-03-08 16:00:00
KALU: rate-limited (503), throttling to 2.0s delay and retrying window 2021-08-11 19:00:00
KMDA: rate-limited (503), throttling to 2.0s delay and retrying window 2025-08-13 15:00:00
KMDA: rate-limited (503), throttling to 4.0s delay and retrying window 2025-08-13 15:00:00
KMDA: rate-limited (503), throttling to 2.0s delay and retrying window 2022-09-22 16:00:00
LECO: rate-limited (503), throttling to 2.0s delay and retrying window 2026-10-03 21:16:33.946740
LECO: rate-limited (503), throttling to 2.0s delay and retrying window 2026-03-11 14:00:00
LECO: rate-limited (503), throttling to 2.0s delay and retrying window 2023-11-21 15:00:00
LECO: rate-limited (503), throttling to 2.0s delay and retrying window 2023-04-27 18:00:00
LECO: rate-limited (503), throttling to 2.0s delay and retrying window 2021-01-15 20:00:00
LECO: rate-limited (503), throttling to 2.0s delay and retrying window 2020-06-23 13:30:00
MCRB: rate-limited (503), throttling to 2.0s delay and retrying window 2025-01-15 20:00:00
MCRB: rate-limited (503), throttling to 2.0s delay and retrying window 2024-06-18 17:00:00
MCRB: rate-limited (503), throttling to 2.0s delay and retrying window 2022-09-30 15:00:00
MCRB: rate-limited (503), throttling to 2.0s delay and retrying window 2022-03-08 16:00:00
MCRB: rate-limited (503), throttling to 4.0s delay and retrying window 2022-03-08 16:00:00
MDT: rate-limited (503), throttling to 2.0s delay and retrying window 2026-10-03 21:21:38.085390
MDT: rate-limited (503), throttling to 2.0s delay and retrying window 2026-03-11 14:00:00
MDT: rate-limited (503), throttling to 2.0s delay and retrying window 2023-11-21 15:00:00
MDT: rate-limited (503), throttling to 2.0s delay and retrying window 2023-04-27 18:00:00
MDT: rate-limited (503), throttling to 2.0s delay and retrying window 2021-01-15 20:00:00
MDT: rate-limited (503), throttling to 2.0s delay and retrying window 2020-06-23 13:30:00
